------------------------------------------------------------
TimeQuest Timing Analyzer Summary
------------------------------------------------------------

Type  : Slow Model Setup 'ControlUnit:CU|Controller:Controller_|c12'
Slack : -9.226
TNS   : -29.696

Type  : Slow Model Setup 'ControlUnit:CU|Controller:Controller_|c9'
Slack : -7.257
TNS   : -25.691

Type  : Slow Model Setup 'ControlUnit:CU|Controller:Controller_|c2'
Slack : -6.105
TNS   : -43.660

Type  : Slow Model Setup '74175:inst6|13'
Slack : -6.016
TNS   : -14.760

Type  : Slow Model Setup 'Clock'
Slack : -4.472
TNS   : -79.489

Type  : Slow Model Setup 'ControlUnit:CU|Controller:Controller_|state[0]'
Slack : -3.928
TNS   : -48.255

Type  : Slow Model Setup 'pi_po_register_74175:IR|74175:inst|13'
Slack : -2.732
TNS   : -13.900

Type  : Slow Model Hold 'ControlUnit:CU|Controller:Controller_|state[0]'
Slack : -4.552
TNS   : -37.008

Type  : Slow Model Hold 'Clock'
Slack : -2.762
TNS   : -16.539

Type  : Slow Model Hold '74175:inst6|13'
Slack : -0.687
TNS   : -1.102

Type  : Slow Model Hold 'pi_po_register_74175:IR|74175:inst|13'
Slack : -0.250
TNS   : -0.987

Type  : Slow Model Hold 'ControlUnit:CU|Controller:Controller_|c12'
Slack : 1.079
TNS   : 0.000

Type  : Slow Model Hold 'ControlUnit:CU|Controller:Controller_|c9'
Slack : 1.130
TNS   : 0.000

Type  : Slow Model Hold 'ControlUnit:CU|Controller:Controller_|c2'
Slack : 1.299
TNS   : 0.000

Type  : Slow Model Recovery 'ControlUnit:CU|Controller:Controller_|c9'
Slack : -7.784
TNS   : -27.741

Type  : Slow Model Recovery '74175:inst6|13'
Slack : -6.543
TNS   : -16.282

Type  : Slow Model Recovery 'ControlUnit:CU|Controller:Controller_|c2'
Slack : -6.501
TNS   : -21.918

Type  : Slow Model Removal '74175:inst6|13'
Slack : -0.021
TNS   : -0.021

Type  : Slow Model Removal 'ControlUnit:CU|Controller:Controller_|c9'
Slack : 1.696
TNS   : 0.000

Type  : Slow Model Removal 'ControlUnit:CU|Controller:Controller_|c2'
Slack : 3.238
TNS   : 0.000

Type  : Slow Model Minimum Pulse Width 'Clock'
Slack : -2.064
TNS   : -147.931

Type  : Slow Model Minimum Pulse Width '74175:inst6|13'
Slack : -0.761
TNS   : -4.566

Type  : Slow Model Minimum Pulse Width 'ControlUnit:CU|Controller:Controller_|c2'
Slack : -0.611
TNS   : -9.776

Type  : Slow Model Minimum Pulse Width 'ControlUnit:CU|Controller:Controller_|c12'
Slack : -0.611
TNS   : -4.888

Type  : Slow Model Minimum Pulse Width 'ControlUnit:CU|Controller:Controller_|c9'
Slack : -0.611
TNS   : -4.888

Type  : Slow Model Minimum Pulse Width 'ControlUnit:CU|Controller:Controller_|state[0]'
Slack : 0.098
TNS   : 0.000

Type  : Slow Model Minimum Pulse Width 'pi_po_register_74175:IR|74175:inst|13'
Slack : 0.500
TNS   : 0.000

Type  : Fast Model Setup 'ControlUnit:CU|Controller:Controller_|c12'
Slack : -3.716
TNS   : -10.494

Type  : Fast Model Setup 'ControlUnit:CU|Controller:Controller_|c9'
Slack : -3.026
TNS   : -9.069

Type  : Fast Model Setup '74175:inst6|13'
Slack : -2.889
TNS   : -6.225

Type  : Fast Model Setup 'ControlUnit:CU|Controller:Controller_|c2'
Slack : -2.594
TNS   : -17.131

Type  : Fast Model Setup 'Clock'
Slack : -1.633
TNS   : -26.192

Type  : Fast Model Setup 'ControlUnit:CU|Controller:Controller_|state[0]'
Slack : -1.252
TNS   : -7.867

Type  : Fast Model Setup 'pi_po_register_74175:IR|74175:inst|13'
Slack : -0.498
TNS   : -1.919

Type  : Fast Model Hold 'ControlUnit:CU|Controller:Controller_|state[0]'
Slack : -2.372
TNS   : -21.170

Type  : Fast Model Hold 'Clock'
Slack : -1.855
TNS   : -13.330

Type  : Fast Model Hold 'pi_po_register_74175:IR|74175:inst|13'
Slack : -0.134
TNS   : -0.561

Type  : Fast Model Hold '74175:inst6|13'
Slack : 0.086
TNS   : 0.000

Type  : Fast Model Hold 'ControlUnit:CU|Controller:Controller_|c12'
Slack : 0.231
TNS   : 0.000

Type  : Fast Model Hold 'ControlUnit:CU|Controller:Controller_|c9'
Slack : 0.330
TNS   : 0.000

Type  : Fast Model Hold 'ControlUnit:CU|Controller:Controller_|c2'
Slack : 0.486
TNS   : 0.000

Type  : Fast Model Recovery 'ControlUnit:CU|Controller:Controller_|c9'
Slack : -3.358
TNS   : -10.390

Type  : Fast Model Recovery '74175:inst6|13'
Slack : -3.221
TNS   : -7.233

Type  : Fast Model Recovery 'ControlUnit:CU|Controller:Controller_|c2'
Slack : -2.876
TNS   : -8.231

Type  : Fast Model Removal '74175:inst6|13'
Slack : 0.446
TNS   : 0.000

Type  : Fast Model Removal 'ControlUnit:CU|Controller:Controller_|c9'
Slack : 0.616
TNS   : 0.000

Type  : Fast Model Removal 'ControlUnit:CU|Controller:Controller_|c2'
Slack : 1.569
TNS   : 0.000

Type  : Fast Model Minimum Pulse Width 'Clock'
Slack : -2.000
TNS   : -142.222

Type  : Fast Model Minimum Pulse Width '74175:inst6|13'
Slack : -0.554
TNS   : -3.324

Type  : Fast Model Minimum Pulse Width 'ControlUnit:CU|Controller:Controller_|c2'
Slack : -0.500
TNS   : -8.000

Type  : Fast Model Minimum Pulse Width 'ControlUnit:CU|Controller:Controller_|c12'
Slack : -0.500
TNS   : -4.000

Type  : Fast Model Minimum Pulse Width 'ControlUnit:CU|Controller:Controller_|c9'
Slack : -0.500
TNS   : -4.000

Type  : Fast Model Minimum Pulse Width 'ControlUnit:CU|Controller:Controller_|state[0]'
Slack : 0.331
TNS   : 0.000

Type  : Fast Model Minimum Pulse Width 'pi_po_register_74175:IR|74175:inst|13'
Slack : 0.500
TNS   : 0.000

------------------------------------------------------------
